[0.006s] Invoking command in '/home/jared/CPPProjects/usv_gazebo_ros_sim/src/build/usv_autonomy': CMAKE_PREFIX_PATH=${CMAKE_PREFIX_PATH}:/opt/ros/jazzy DEBUGINFOD_URLS=https://debuginfod.ubuntu.com PS1=(venv-ardupilot) VIRTUAL_ENV_PROMPT=(venv-ardupilot) /usr/bin/cmake /home/jared/CPPProjects/usv_gazebo_ros_sim/src/usv_autonomy -DAMENT_CMAKE_SYMLINK_INSTALL=1 -DCMAKE_INSTALL_PREFIX=/home/jared/CPPProjects/usv_gazebo_ros_sim/src/install/usv_autonomy
[0.109s] -- The C compiler identification is GNU 13.3.0
[0.216s] -- The CXX compiler identification is GNU 13.3.0
[0.237s] -- Detecting C compiler ABI info
[0.302s] -- Detecting C compiler ABI info - done
[0.310s] -- Check for working C compiler: /usr/lib/ccache/cc - skipped
[0.311s] -- Detecting C compile features
[0.311s] -- Detecting C compile features - done
[0.321s] -- Detecting CXX compiler ABI info
[0.387s] -- Detecting CXX compiler ABI info - done
[0.395s] -- Check for working CXX compiler: /usr/lib/ccache/c++ - skipped
[0.395s] -- Detecting CXX compile features
[0.396s] -- Detecting CXX compile features - done
[0.398s] -- Found ament_cmake: 2.5.6 (/opt/ros/jazzy/share/ament_cmake/cmake)
[0.511s] -- Found Python3: /home/jared/venv-ardupilot/bin/python3 (found version "3.12.3") found components: Interpreter 
[0.573s] -- Override CMake install command with custom implementation using symlinks instead of copying resources
[0.600s] -- Found rclcpp: 28.1.21 (/opt/ros/jazzy/share/rclcpp/cmake)
[0.638s] -- Found rosidl_generator_c: 4.6.9 (/opt/ros/jazzy/share/rosidl_generator_c/cmake)
[0.649s] -- Found rosidl_generator_cpp: 4.6.9 (/opt/ros/jazzy/share/rosidl_generator_cpp/cmake)
[0.662s] -- Using all available rosidl_typesupport_c: rosidl_typesupport_fastrtps_c;rosidl_typesupport_introspection_c
[0.678s] -- Using all available rosidl_typesupport_cpp: rosidl_typesupport_fastrtps_cpp;rosidl_typesupport_introspection_cpp
[0.747s] -- Found rmw_implementation_cmake: 7.3.3 (/opt/ros/jazzy/share/rmw_implementation_cmake/cmake)
[0.749s] -- Found rmw_fastrtps_cpp: 8.4.4 (/opt/ros/jazzy/share/rmw_fastrtps_cpp/cmake)
[0.827s] -- Found OpenSSL: /usr/lib/x86_64-linux-gnu/libcrypto.so (found version "3.0.13")  
[0.847s] -- Found FastRTPS: /opt/ros/jazzy/include (Required is at least version "2.13") 
[0.869s] -- Using RMW implementation 'rmw_fastrtps_cpp' as default
[0.942s] -- Found std_msgs: 5.3.8 (/opt/ros/jazzy/share/std_msgs/cmake)
[0.956s] -- Found geometry_msgs: 5.3.8 (/opt/ros/jazzy/share/geometry_msgs/cmake)
[0.971s] -- Found ament_lint_auto: 0.17.5 (/opt/ros/jazzy/share/ament_lint_auto/cmake)
[1.091s] -- Added test 'lint_cmake' to check CMake code style
[1.092s] -- Added test 'xmllint' to check XML markup files
[1.093s] -- Configuring done (1.0s)
[1.097s] -- Generating done (0.0s)
[1.099s] -- Build files have been written to: /home/jared/CPPProjects/usv_gazebo_ros_sim/src/build/usv_autonomy
[1.108s] Invoked command in '/home/jared/CPPProjects/usv_gazebo_ros_sim/src/build/usv_autonomy' returned '0': CMAKE_PREFIX_PATH=${CMAKE_PREFIX_PATH}:/opt/ros/jazzy DEBUGINFOD_URLS=https://debuginfod.ubuntu.com PS1=(venv-ardupilot) VIRTUAL_ENV_PROMPT=(venv-ardupilot) /usr/bin/cmake /home/jared/CPPProjects/usv_gazebo_ros_sim/src/usv_autonomy -DAMENT_CMAKE_SYMLINK_INSTALL=1 -DCMAKE_INSTALL_PREFIX=/home/jared/CPPProjects/usv_gazebo_ros_sim/src/install/usv_autonomy
[1.109s] Invoking command in '/home/jared/CPPProjects/usv_gazebo_ros_sim/src/build/usv_autonomy': CMAKE_PREFIX_PATH=${CMAKE_PREFIX_PATH}:/opt/ros/jazzy DEBUGINFOD_URLS=https://debuginfod.ubuntu.com PS1=(venv-ardupilot) VIRTUAL_ENV_PROMPT=(venv-ardupilot) /usr/bin/cmake --build /home/jared/CPPProjects/usv_gazebo_ros_sim/src/build/usv_autonomy -- -j12 -l12
[1.143s] Invoked command in '/home/jared/CPPProjects/usv_gazebo_ros_sim/src/build/usv_autonomy' returned '0': CMAKE_PREFIX_PATH=${CMAKE_PREFIX_PATH}:/opt/ros/jazzy DEBUGINFOD_URLS=https://debuginfod.ubuntu.com PS1=(venv-ardupilot) VIRTUAL_ENV_PROMPT=(venv-ardupilot) /usr/bin/cmake --build /home/jared/CPPProjects/usv_gazebo_ros_sim/src/build/usv_autonomy -- -j12 -l12
[1.151s] Invoking command in '/home/jared/CPPProjects/usv_gazebo_ros_sim/src/build/usv_autonomy': CMAKE_PREFIX_PATH=${CMAKE_PREFIX_PATH}:/opt/ros/jazzy DEBUGINFOD_URLS=https://debuginfod.ubuntu.com PS1=(venv-ardupilot) VIRTUAL_ENV_PROMPT=(venv-ardupilot) /usr/bin/cmake --install /home/jared/CPPProjects/usv_gazebo_ros_sim/src/build/usv_autonomy
[1.157s] -- Install configuration: ""
[1.157s] -- Execute custom install script
[1.157s] -- Symlinking: /home/jared/CPPProjects/usv_gazebo_ros_sim/src/install/usv_autonomy/share/ament_index/resource_index/package_run_dependencies/usv_autonomy
[1.164s] -- Symlinking: /home/jared/CPPProjects/usv_gazebo_ros_sim/src/install/usv_autonomy/share/ament_index/resource_index/parent_prefix_path/usv_autonomy
[1.172s] -- Symlinking: /home/jared/CPPProjects/usv_gazebo_ros_sim/src/install/usv_autonomy/share/usv_autonomy/environment/ament_prefix_path.sh
[1.178s] -- Symlinking: /home/jared/CPPProjects/usv_gazebo_ros_sim/src/install/usv_autonomy/share/usv_autonomy/environment/ament_prefix_path.dsv
[1.185s] -- Symlinking: /home/jared/CPPProjects/usv_gazebo_ros_sim/src/install/usv_autonomy/share/usv_autonomy/environment/path.sh
[1.193s] -- Symlinking: /home/jared/CPPProjects/usv_gazebo_ros_sim/src/install/usv_autonomy/share/usv_autonomy/environment/path.dsv
[1.199s] -- Symlinking: /home/jared/CPPProjects/usv_gazebo_ros_sim/src/install/usv_autonomy/share/usv_autonomy/local_setup.bash
[1.206s] -- Symlinking: /home/jared/CPPProjects/usv_gazebo_ros_sim/src/install/usv_autonomy/share/usv_autonomy/local_setup.sh
[1.212s] -- Symlinking: /home/jared/CPPProjects/usv_gazebo_ros_sim/src/install/usv_autonomy/share/usv_autonomy/local_setup.zsh
[1.220s] -- Symlinking: /home/jared/CPPProjects/usv_gazebo_ros_sim/src/install/usv_autonomy/share/usv_autonomy/local_setup.dsv
[1.227s] -- Symlinking: /home/jared/CPPProjects/usv_gazebo_ros_sim/src/install/usv_autonomy/share/usv_autonomy/package.dsv
[1.233s] -- Symlinking: /home/jared/CPPProjects/usv_gazebo_ros_sim/src/install/usv_autonomy/share/ament_index/resource_index/packages/usv_autonomy
[1.240s] -- Symlinking: /home/jared/CPPProjects/usv_gazebo_ros_sim/src/install/usv_autonomy/share/usv_autonomy/cmake/usv_autonomyConfig.cmake
[1.246s] -- Symlinking: /home/jared/CPPProjects/usv_gazebo_ros_sim/src/install/usv_autonomy/share/usv_autonomy/cmake/usv_autonomyConfig-version.cmake
[1.253s] -- Symlinking: /home/jared/CPPProjects/usv_gazebo_ros_sim/src/install/usv_autonomy/share/usv_autonomy/package.xml
[1.262s] Invoked command in '/home/jared/CPPProjects/usv_gazebo_ros_sim/src/build/usv_autonomy' returned '0': CMAKE_PREFIX_PATH=${CMAKE_PREFIX_PATH}:/opt/ros/jazzy DEBUGINFOD_URLS=https://debuginfod.ubuntu.com PS1=(venv-ardupilot) VIRTUAL_ENV_PROMPT=(venv-ardupilot) /usr/bin/cmake --install /home/jared/CPPProjects/usv_gazebo_ros_sim/src/build/usv_autonomy
